animated.fxb
averagelum.fxb
billboard.fxb
blur_2d_rg16f_cs.fxb
blur_2d_rg32f_cs.fxb
blur_2d_rgb16f_cs.fxb
blur_2d_rgba16f_cs.fxb
blur_bloom.fxb
blur_cube_rg16f_cs.fxb
blur_cube_rg32f_cs.fxb
blur_cube_rgba16f_cs.fxb
box3taphori.fxb
box3tapvert.fxb
brightpass.fxb
clouds.fxb
cluster_generate.fxb
combine.fxb
copy.fxb
csmblur.fxb
decals_cluster.fxb
downscale.fxb
emissive.fxb
empty.fxb
finalize.fxb
finalize_simple.fxb
foliage.fxb
fow.fxb
gaussianblur.fxb
gaussianblur_cs_rgba16f.fxb
gaussianblur_cs_rgba32f.fxb
gaussianblur_cs_rgba8.fxb
gltf.fxb
grid.fxb
gui.fxb
hbao_cs.fxb
hbaoblur_cs.fxb
horizontalbloom.fxb
im3d.fxb
imgui.fxb
leveleditor.fxb
lightmapped.fxb
lights.fxb
lights_cluster.fxb
lights_tiled.fxb
lightscatter.fxb
minimap.fxb
multilayered.fxb
objects_shared.fxb
particle.fxb
picking.fxb
placeholder.fxb
reflectionprojector.fxb
shadow.fxb
shadowshared.fxb
shared.fxb
silhouette.fxb
simple.fxb
skinned.fxb
skybox.fxb
sprite.fxb
ssr_cs.fxb
ssr_resolve_cs.fxb
static.fxb
stencil.fxb
subsurface.fxb
subsurfacehorizontal.fxb
subsurfacevertical.fxb
terrain.fxb
text.fxb
unit.fxb
unlit.fxb
verticalbloom.fxb
volumefog.fxb
volumelight.fxb
water.fxb
